C251 COMPILER V5.60.0,  gyroscope                                                          27/03/26  11:12:47  PAGE 1   


C251 COMPILER V5.60.0, COMPILATION OF MODULE gyroscope
OBJECT MODULE PLACED IN .\Out_File\gyroscope.obj
COMPILER INVOKED BY: D:\Keil_v5\C251\BIN\C251.EXE gyroscope.c XSMALL INTR2 UNSIGNED_CHAR FLOAT64 OPTIMIZE(5,SPEED) BROWS
                    -E ORDER INCDIR(..\..\Libraries\libraries;..\..\Libraries\seekfree_libraries;..\..\Libraries\seekfree_peripheral;..\CODE;
                    -..\USER\inc;..\USER\src) DEBUG PRINT(.\Out_File\gyroscope.lst) OBJECT(.\Out_File\gyroscope.obj) 

stmt  level    source

    1          #include "gyroscope.h"
    2          #define PI 3.14159265
    3          
    4          //陀螺仪内置三轴角速度计和三轴加速度计
    5          
    6          
    7          float dt = 0.005f;     //中断周期
    8          float Filter_Weight = 0.0035f;    //滤波权重，值越大表加速度计的可信度越高
    9          float Angle_gz = 0, Angle_gz1 = 0;
   10          float Angle_pitch = 0;
   11          float pit = 0, pittch = 0; // pitch:俯仰角  yaw:偏航角   融合后的角度
   12          float acc_x = 0, acc_y = 0, acc_z = 0, acc_x_last = 0, acc_y_last = 0, acc_z_last = 0; //加速度计采集到的
             -原始数据换算单位后
   13          float alpha = 0.4;
   14          float gyro_x = 0, gyro_y = 0, gyro_z = 0; //角速度计采集到的原始数据换算单位后
   15          int16 Pitch = 0;  
   16          float GX = 0, GY = -1, GZ = 0;                            //角速度计零漂
   17          int16 AX = 553, AY = -150, AZ = 4148;    
   18          float Yaw = 0;                              //最终角度
   19          
   20          
   21          void gyroscope_get()  //陀螺仪采集回的原始数据处理
   22          {
   23   1                 
   24   1          if (imu660ra_acc_x < 32764)
   25   1              acc_x = imu660ra_acc_x / 4096.0; //计算x轴加速度
   26   1          else
   27   1              acc_x = 1 - (imu660ra_acc_x - 49152) / 4096.0;
   28   1          if (imu660ra_acc_y < 32764)
   29   1              acc_y = imu660ra_acc_y / 4096.0; //计算y轴加速度
   30   1          else
   31   1              acc_y = 1 - (imu660ra_acc_y - 49152) / 4096.0;
   32   1          if (imu660ra_acc_z < 32764)
   33   1              acc_z = imu660ra_acc_z / 4096.0; //计算z轴加速度
   34   1          else
   35   1              acc_z = (imu660ra_acc_z - 49152) / 4096.0;
   36   1              
   37   1          gyro_x = (float)(imu660ra_gyro_x / 16.4);
   38   1          gyro_y = (float)(imu660ra_gyro_y / 16.4);
   39   1          imu660ra_gyro_z /= 16.4;
   40   1      }
   41          
   42          void Angle_add()
   43          {
   44   1          gyroscope_get();
   45   1              Angle_pitch = (float)(atan(acc_y / acc_z))*57.324;
   46   1          pit = (1 - Filter_Weight) * (pit + (gyro_x * dt)) + Angle_pitch * Filter_Weight; //一阶互补滤波公式
   47   1              Angle_gz = Angle_gz + ((float)imu660ra_gyro_z - GZ) * 0.005;    //角速度积分得到倾斜角度,越大积分出来的角度
             -越大
   48   1      }
   49          
   50          void Angle_Get()
   51          {
   52   1              Angle_add();
   53   1          //if (gyroscope_time > 600)   //上电3s后才获取俯仰角
   54   1          //{
   55   1              Pitch = (int16)pit;
C251 COMPILER V5.60.0,  gyroscope                                                          27/03/26  11:12:47  PAGE 2   

   56   1          //}
   57   1              Yaw = (int16)Angle_gz;
   58   1      }
   59          
   60          
   61          void gyroscope_open()
   62          {
   63   1        imu660ra_get_acc ();                                     // 获取 IMU660RA 加速度计数据
   64   1        imu660ra_get_gyro ();
   65   1        Angle_Get();
   66   1              
   67   1      }


Module Information          Static   Overlayable
------------------------------------------------
  code size            =       561     ------
  ecode size           =    ------     ------
  data size            =    ------     ------
  idata size           =    ------     ------
  pdata size           =    ------     ------
  xdata size           =    ------     ------
  xdata-const size     =    ------     ------
  edata size           =        92     ------
  bit size             =    ------     ------
  ebit size            =    ------     ------
  bitaddressable size  =    ------     ------
  ebitaddressable size =    ------     ------
  far data size        =    ------     ------
  huge data size       =    ------     ------
  const size           =    ------     ------
  hconst size          =       192     ------
End of Module Information.


C251 COMPILATION COMPLETE.  0 WARNING(S),  0 ERROR(S)
