C251 COMPILER V5.60.0,  isr                                                                27/03/26  11:12:44  PAGE 1   


C251 COMPILER V5.60.0, COMPILATION OF MODULE isr
OBJECT MODULE PLACED IN .\Out_File\isr.obj
COMPILER INVOKED BY: D:\Keil_v5\C251\BIN\C251.EXE ..\USER\src\isr.c XSMALL INTR2 UNSIGNED_CHAR FLOAT64 OPTIMIZE(5,SPEED)
                    - BROWSE ORDER INCDIR(..\..\Libraries\libraries;..\..\Libraries\seekfree_libraries;..\..\Libraries\seekfree_peripheral;..
                    -\CODE;..\USER\inc;..\USER\src) DEBUG PRINT(.\Out_File\isr.lst) OBJECT(.\Out_File\isr.obj) 

stmt  level    source

    1          ///******************************************************************************************************
             -***************
    2          // * COPYRIGHT NOTICE
    3          // * Copyright (c) 2020,逐飞科技
    4          // * All rights reserved.
    5          // * 技术讨论QQ群：一群：179029047(已满)  二群：244861897(已满)  三群：824575535
    6          // *
    7          // * 以下所有内容版权均属逐飞科技所有，未经允许不得用于商业用途，
    8          // * 欢迎各位使用并传播本程序，修改内容时必须保留逐飞科技的版权声明。
    9          // *
   10          // * @file                      isr
   11          // * @company                   成都逐飞科技有限公司
   12          // * @author                    逐飞科技(QQ790875685)
   13          // * @version                   查看doc内version文件 版本说明
   14          // * @Software                  MDK FOR C251 V5.60
   15          // * @Target core               STC32G12K128
   16          // * @Taobao                    https://seekfree.taobao.com/
   17          // * @date                      2020-4-14
   18          // ******************************************************************************************************
             -**************/
   19          #include "headfile.h"
   20          #include "servomotor.h"
   21          #include "adc.h"
   22          #include "motor.h"
   23          #include "math.h"
   24          #include "encoder.h"
   25          #include "element.h"
   26          #include "SEEKFREE_DL1A.h"
   27          #include "SEEKFREE_DL1B.h"
   28          #include "gyroscope.h"
   29          #include "wireless.h"
   30          
   31          
   32          int start_flag;
   33          
   34          //UART1中断
   35          void UART1_Isr() interrupt 4
   36          {
   37   1          uint8 res;
   38   1              static uint8 dwon_count;
   39   1          if(UART1_GET_TX_FLAG)
   40   1          {
   41   2              UART1_CLEAR_TX_FLAG;
   42   2              busy[1] = 0;
   43   2          }
   44   1          if(UART1_GET_RX_FLAG)
   45   1          {
   46   2              UART1_CLEAR_RX_FLAG;
   47   2              res = SBUF;
   48   2              //程序自动下载
   49   2              if(res == 0x7F)
   50   2              {
   51   3                  if(dwon_count++ > 20)
   52   3                      IAP_CONTR = 0x60;
   53   3              }
   54   2              else
   55   2              {
C251 COMPILER V5.60.0,  isr                                                                27/03/26  11:12:44  PAGE 2   

   56   3                  dwon_count = 0;
   57   3              }
   58   2          }
   59   1      }
   60          
   61          //UART2中断
   62          void UART2_Isr() interrupt 8
   63          {
   64   1          if(UART2_GET_TX_FLAG)
   65   1              {
   66   2              UART2_CLEAR_TX_FLAG;
   67   2                      busy[2] = 0;
   68   2              }
   69   1          if(UART2_GET_RX_FLAG)
   70   1              {
   71   2              UART2_CLEAR_RX_FLAG;
   72   2                      //接收数据寄存器为：S2BUF
   73   2      
   74   2              }
   75   1      }
   76          
   77          
   78          //UART3中断
   79          void UART3_Isr() interrupt 17
   80          {
   81   1          if(UART3_GET_TX_FLAG)
   82   1              {
   83   2              UART3_CLEAR_TX_FLAG;
   84   2                      busy[3] = 0;
   85   2              }
   86   1          if(UART3_GET_RX_FLAG)
   87   1              {
   88   2              UART3_CLEAR_RX_FLAG;
   89   2                      //接收数据寄存器为：S3BUF
   90   2      
   91   2              }
   92   1      }
   93          
   94          
   95          //UART4中断
   96          void UART4_Isr() interrupt 18
   97          {
   98   1          if(UART4_GET_TX_FLAG)
   99   1              {
  100   2              UART4_CLEAR_TX_FLAG;
  101   2                      busy[4] = 0;
  102   2              }
  103   1          if(UART4_GET_RX_FLAG)
  104   1              {
  105   2              UART4_CLEAR_RX_FLAG;
  106   2      
  107   2                      //接收数据寄存器为：S4BUF;
  108   2                      if(wireless_type == WIRELESS_SI24R1)
  109   2              {
  110   3                  wireless_uart_callback();           //无线转串口回调函数
  111   3              }
  112   2              else if(wireless_type == WIRELESS_CH9141)
  113   2              {
  114   3                  bluetooth_ch9141_uart_callback();   //蓝牙转串口回调函数
  115   3              }
  116   2              else if(wireless_type == WIRELESS_CH573)
  117   2              {
  118   3                  wireless_ch573_callback();          //CH573无线模块回调函数
  119   3              }
  120   2              }
  121   1      }
C251 COMPILER V5.60.0,  isr                                                                27/03/26  11:12:44  PAGE 3   

  122          
  123          #define LED P52
  124          void INT0_Isr() interrupt 0
  125          {
  126   1      //      LED = 0;        //点亮LED
  127   1      }
  128          void INT1_Isr() interrupt 2
  129          {
  130   1      
  131   1      }
  132          void INT2_Isr() interrupt 10
  133          {
  134   1              INT2_CLEAR_FLAG;  //清除中断标志
  135   1      }
  136          void INT3_Isr() interrupt 11
  137          {
  138   1              INT3_CLEAR_FLAG;  //清除中断标志
  139   1      }
  140          
  141          void INT4_Isr() interrupt 16
  142          {
  143   1              INT4_CLEAR_FLAG;  //清除中断标志
  144   1      
  145   1      }
  146          
  147          void TM0_Isr() interrupt 1
  148          {
  149   1              
  150   1      }
  151          void TM1_Isr() interrupt 3
  152          {
  153   1              read_AD();                                                                                                                      //读取adc值
  154   1              Encoder_read();                                                                                                 //获取编码器速度
  155   1              motor_control();                                                                                                //电机控制
  156   1      
  157   1              dis = get_total_encoder();                                                      //路程计算
  158   1              
  159   1              dl1a_get_distance();                                                                            //TOF测距
  160   1              
  161   1      //      gyroscope_open();                                                                                               //陀螺仪计算角度
  162   1              
  163   1              huoer();                                                                                                                                //霍尔检测
  164   1                      
  165   1              if(podao_flag == 1)                                                                                     //坡道计时
  166   1              {
  167   2                      podao_time++;
  168   2                      if(podao_time >= 1500)
  169   2                      {
  170   3                              podao_time = 0;
  171   3                      }
  172   2              }
  173   1              if((lhuandao_flag==1 || rhuandao_flag==1) && huandao_state==OUT)                //环岛出环计时，定时消环
  174   1              {
  175   2                      huandao_time++;
  176   2                      if(huandao_time >= 1000)
  177   2                      {
  178   3                              huandao_time=0;
  179   3                      }
  180   2              }
  181   1              if(in_flag == 2)                                                                                                //入库倒车计时（根据速度调整）
  182   1              {
  183   2                      cnt++;
  184   2                      if(cnt> 500)
  185   2                      {
  186   3                              cnt = 0;
  187   3                      }
C251 COMPILER V5.60.0,  isr                                                                27/03/26  11:12:44  PAGE 4   

  188   2              }
  189   1      
  190   1      }
  191          void TM2_Isr() interrupt 12
  192          {       
  193   1              
  194   1              TIM2_CLEAR_FLAG;  //清除中断标志
  195   1              
  196   1      }
  197          void TM3_Isr() interrupt 19
  198          {
  199   1              TIM3_CLEAR_FLAG; //清除中断标志
  200   1      
  201   1      
  202   1      }
  203          
  204          void TM4_Isr() interrupt 20
  205          {
  206   1              TIM4_CLEAR_FLAG; //清除中断标志
  207   1      }
  208          
  209          //void  INT0_Isr()  interrupt 0;
  210          //void  TM0_Isr()   interrupt 1;
  211          //void  INT1_Isr()  interrupt 2;
  212          //void  TM1_Isr()   interrupt 3;
  213          //void  UART1_Isr() interrupt 4;
  214          //void  ADC_Isr()   interrupt 5;
  215          //void  LVD_Isr()   interrupt 6;
  216          //void  PCA_Isr()   interrupt 7;
  217          //void  UART2_Isr() interrupt 8;
  218          //void  SPI_Isr()   interrupt 9;
  219          //void  INT2_Isr()  interrupt 10;
  220          //void  INT3_Isr()  interrupt 11;
  221          //void  TM2_Isr()   interrupt 12;
  222          //void  INT4_Isr()  interrupt 16;
  223          //void  UART3_Isr() interrupt 17;
  224          //void  UART4_Isr() interrupt 18;
  225          //void  TM3_Isr()   interrupt 19;
  226          //void  TM4_Isr()   interrupt 20;
  227          //void  CMP_Isr()   interrupt 21;
  228          //void  I2C_Isr()   interrupt 24;
  229          //void  USB_Isr()   interrupt 25;
  230          //void  PWM1_Isr()  interrupt 26;
  231          //void  PWM2_Isr()  interrupt 27;


Module Information          Static   Overlayable
------------------------------------------------
  code size            =       492     ------
  ecode size           =    ------     ------
  data size            =    ------     ------
  idata size           =    ------     ------
  pdata size           =    ------     ------
  xdata size           =    ------     ------
  xdata-const size     =    ------     ------
  edata size           =         3     ------
  bit size             =    ------     ------
  ebit size            =    ------     ------
  bitaddressable size  =    ------     ------
  ebitaddressable size =    ------     ------
  far data size        =    ------     ------
  huge data size       =    ------     ------
  const size           =    ------     ------
  hconst size          =    ------     ------
End of Module Information.


C251 COMPILATION COMPLETE.  0 WARNING(S),  0 ERROR(S)
