C251 COMPILER V5.60.0,  main                                                               27/03/26  11:12:44  PAGE 1   


C251 COMPILER V5.60.0, COMPILATION OF MODULE main
OBJECT MODULE PLACED IN .\Out_File\main.obj
COMPILER INVOKED BY: D:\Keil_v5\C251\BIN\C251.EXE ..\USER\src\main.c XSMALL INTR2 UNSIGNED_CHAR FLOAT64 OPTIMIZE(5,SPEED
                    -) BROWSE ORDER INCDIR(..\..\Libraries\libraries;..\..\Libraries\seekfree_libraries;..\..\Libraries\seekfree_peripheral;.
                    -.\CODE;..\USER\inc;..\USER\src) DEBUG PRINT(.\Out_File\main.lst) OBJECT(.\Out_File\main.obj) 

stmt  level    source

    1          /********************************************************************************************************
             -*************
    2           * COPYRIGHT NOTICE
    3           * Copyright (c) 2020,逐飞科技
    4           * All rights reserved.
    5           * 技术讨论QQ群：一群：179029047(已满)  二群：244861897(已满)  三群：824575535
    6           *
    7           * 以下所有内容版权均属逐飞科技所有，未经允许不得用于商业用途，
    8           * 欢迎各位使用并传播本程序，修改内容时必须保留逐飞科技的版权声明。
    9           *
   10           * @file                main
   11           * @company                     成都逐飞科技有限公司
   12           * @author              逐飞科技(QQ790875685)
   13           * @version             查看doc内version文件 版本说明
   14           * @Software            MDK FOR C251 V5.60
   15           * @Target core         STC32G12K128
   16           * @Taobao              https://seekfree.taobao.com/
   17           * @date                2020-12-18
   18           ********************************************************************************************************
             -************/
   19          
   20          #include "headfile.h"
   21          #include "motor.h"
   22          #include "servomotor.h"
   23          #include "adc.h"
   24          #include "encoder.h"
   25          #include "stdio.h"
   26          #include "element.h"
   27          #include "isr.h"
   28          #include "ui.h"
   29          #include "SEEKFREE_DL1A.h"
   30          #include "key.h"
   31          #include "wireless.h"
   32          void main()
   33          {   
   34   1              DisableGlobalIRQ();             //关闭总中断
   35   1              
   36   1          //sys_clk可选值:35000000，30000000, 27000000. 24000000, 22118400, 20000000, 18432000, 12000000, 11059
             -200, 6000000, 5529600。
   37   1          //设置系统频率，此频率需要跟STC-ISP软件中的 <输入用户程序运行的IRC频率>选项的频率一致。
   38   1          //如果频率设置不对，将会导致串口的数据不正常,PWM的工作不正常等等。
   39   1          sys_clk = 35000000;     //设置系统频率为35MHz
   40   1              
   41   1              board_init();                                                                                                   // 初始化寄存器,勿删除此句代码。
   42   1              Adinductance_init();                                                                    //电感初始化
   43   1              
   44   1              motor_init();                                                                                                   //电机初始化
   45   1              motor_pid_init();                                                                                       //电机PID初始化
   46   1              
   47   1              encoder_init();                                                                                         //编码器初始化
   48   1      
   49   1              smotor_pin_init();                                                                              //舵机初始化
   50   1              
   51   1              UI_Init();                                                                                                              
   52   1              sensor_init();                                                                                          //TOF,陀螺仪初始化
   53   1      //      wireless_uart_init();                                                   //无线串口初始化
   54   1      
C251 COMPILER V5.60.0,  main                                                               27/03/26  11:12:44  PAGE 2   

   55   1              pit_timer_ms(TIM_1, 5);                                                         //5ms中断开启
   56   1              
   57   1              EnableGlobalIRQ();
   58   1              
   59   1              out_flag = 1;                                                                                                   //出库状态默认为未出库  
   60   1              start_flag = 1;                                                                                         //电机使能初始为0，按键触发使能
   61   1              
   62   1        while(1)
   63   1              {
   64   2      //              out_storage();                                                                                  //出库
   65   2                      if(out_flag == 1)                                                                               //完成出库，执行循迹
   66   2                      {
   67   3                              PROCESS();
   68   3                      }
   69   2      //              if(out_flag == 2)                                                                               //入库（霍尔判断）
   70   2      //              {
   71   2      //                      In_ku();
   72   2      //              }
   73   2                      if(Shut_flag == 0)                                                                      //标志位置1后关闭屏幕
   74   2                      {
   75   3                              UI_Main();
   76   3                      }
   77   2      
   78   2      //上位机
   79   2      //              JustFloat((float)motor_l.encoder_speed,(float)motor_l.exp_speed);
   80   2      //              JustFloat((float)ad2,(float)zone_flag);
   81   2      
   82   2              }
   83   1                              
   84   1      }
   85          


Module Information          Static   Overlayable
------------------------------------------------
  code size            =        88     ------
  ecode size           =    ------     ------
  data size            =    ------     ------
  idata size           =    ------     ------
  pdata size           =    ------     ------
  xdata size           =    ------     ------
  xdata-const size     =    ------     ------
  edata size           =    ------     ------
  bit size             =    ------     ------
  ebit size            =    ------     ------
  bitaddressable size  =    ------     ------
  ebitaddressable size =    ------     ------
  far data size        =    ------     ------
  huge data size       =    ------     ------
  const size           =    ------     ------
  hconst size          =    ------     ------
End of Module Information.


C251 COMPILATION COMPLETE.  0 WARNING(S),  0 ERROR(S)
