C251 COMPILER V5.60.0,  servomotor                                                         27/03/26  11:12:46  PAGE 1   


C251 COMPILER V5.60.0, COMPILATION OF MODULE servomotor
OBJECT MODULE PLACED IN .\Out_File\servomotor.obj
COMPILER INVOKED BY: D:\Keil_v5\C251\BIN\C251.EXE servomotor.c XSMALL INTR2 UNSIGNED_CHAR FLOAT64 OPTIMIZE(5,SPEED) BROW
                    -SE ORDER INCDIR(..\..\Libraries\libraries;..\..\Libraries\seekfree_libraries;..\..\Libraries\seekfree_peripheral;..\CODE
                    -;..\USER\inc;..\USER\src) DEBUG PRINT(.\Out_File\servomotor.lst) OBJECT(.\Out_File\servomotor.obj) 

stmt  level    source

    1          #include "servomotor.h"
    2          
    3          pid_param_t smotor_pid;
    4          int16 Duty_result;                      //舵机PWM输出
    5          
    6          /*********************************************
    7          *函数：舵机初始化函数
    8          *函数名：smotor_pin_init()
    9          *备注：
   10          *********************************************/
   11          void smotor_pin_init(void)
   12          {
   13   1              pwm_init(SMOTOR_PIN, 50, 820);
   14   1      }
   15          
   16          /*********************************************
   17          *函数：舵机输出函数
   18          *函数名：servo_control()
   19          *备注：
   20          *********************************************/
   21          void servo_control(void)
   22          {
   23   1              element_deal();                         //元素处理，得对应的舵机PWM值
   24   1      
   25   1              if(change_duty >= 80)
   26   1              {
   27   2                      change_duty = 80;
   28   2              }       
   29   1              if(change_duty <= -80)
   30   1              {
   31   2                      change_duty = -80;
   32   2              }
   33   1              Duty_result = (float)(change_duty + SERVO_MID);
   34   1              if(Duty_result >= 900)
   35   1                      Duty_result = 900;
   36   1              if(Duty_result <= 740)
   37   1                      Duty_result = 740;
   38   1              
   39   1              pwm_duty(SMOTOR_PIN, Duty_result);
   40   1      }
   41          
   42          /*********************************************
   43           *函数：模糊pid函数
   44           *函数名：mohu_pid()
   45           *********************************************/
   46          float Fuzzy_P(float E, float EC)
   47          {
   48   1          /*输入量P语言值特征点*/
   49   1          float EFF[7] = {-56, -20, -10, 0, 10, 20, 56};    //Error范围
   50   1      
   51   1          /*输入量D语言值特征点*/
   52   1          float DFF[7] = {-2.5, -1.5, -0.5, 0, 0.5, 1.5, 2.5};  // 误差变化率范围
   53   1      
   54   1          /*输出量U语言值特征点(根据赛道类型选择不同的输出值)*/
   55   1          float UFF[7] = {1.7, 1.8, 1.9, 2.0, 2.3, 2.8, 3}; // 1.15 2  2.2 2.4 2.6 2.8 3 4}
   56   1          // float UFF[7] = {2.0, 2.1, 2.2, 2.4, 2.8, 2.8, 3};
   57   1          int rule[7][7] = {
C251 COMPILER V5.60.0,  servomotor                                                         27/03/26  11:12:46  PAGE 2   

   58   1              {6, 5, 4, 3, 2, 1, 0},                           //规则表，不建议修改
   59   1              {5, 4, 3, 2, 1, 0, 1},
   60   1              {4, 3, 2, 1, 0, 1, 2},
   61   1              {3, 2, 1, 0, 1, 2, 3},
   62   1              {2, 1, 0, 1, 2, 3, 4},
   63   1              {1, 0, 1, 2, 3, 4, 5},
   64   1              {0, 1, 2, 3, 4, 5, 6},
   65   1          };
   66   1      
   67   1          float U = 0;                                 /*偏差,偏差微分以及输出值的精确量*/
   68   1          float PF[2] = {0}, DF[2] = {0}, UF[4] = {0}; //偏差,偏差微分以及输出值的隶属度
   69   1      
   70   1          int Pn = 0, Dn = 0, Un[4] = {0};
   71   1          float t1 = 0, t2 = 0, t3 = 0, t4 = 0, temp1 = 0, temp2 = 0;
   72   1          /*隶属度的确定*/
   73   1          /*根据PD的指定语言值获得有效隶属度*/
   74   1          if (E > EFF[0] && E < EFF[6])
   75   1          {
   76   2              if (E <= EFF[1])
   77   2              {
   78   3                  Pn = -2;
   79   3                  PF[0] = (EFF[1] - E) / (EFF[1] - EFF[0]);
   80   3              }
   81   2              else if (E <= EFF[2])
   82   2              {
   83   3                  Pn = -1;
   84   3                  PF[0] = (EFF[2] - E) / (EFF[2] - EFF[1]);
   85   3              }
   86   2              else if (E <= EFF[3])
   87   2              {
   88   3                  Pn = 0;
   89   3                  PF[0] = (EFF[3] - E) / (EFF[3] - EFF[2]);
   90   3              }
   91   2              else if (E <= EFF[4])
   92   2              {
   93   3                  Pn = 1;
   94   3                  PF[0] = (EFF[4] - E) / (EFF[4] - EFF[3]);
   95   3              }
   96   2              else if (E <= EFF[5])
   97   2              {
   98   3                  Pn = 2;
   99   3                  PF[0] = (EFF[5] - E) / (EFF[5] - EFF[4]);
  100   3              }
  101   2              else if (E <= EFF[6])
  102   2              {
  103   3                  Pn = 3;
  104   3                  PF[0] = (EFF[6] - E) / (EFF[6] - EFF[5]);
  105   3              }
  106   2          }
  107   1      
  108   1          else if (E <= EFF[0])
  109   1          {
  110   2              Pn = -2;
  111   2              PF[0] = 1;
  112   2          }
  113   1          else if (E >= EFF[6])
  114   1          {
  115   2              Pn = 3;
  116   2              PF[0] = 0;
  117   2          }
  118   1      
  119   1          PF[1] = 1 - PF[0];
  120   1      
  121   1          //判断D的隶属度
  122   1          if (EC > DFF[0] && EC < DFF[6])
  123   1          {
C251 COMPILER V5.60.0,  servomotor                                                         27/03/26  11:12:46  PAGE 3   

  124   2              if (EC <= DFF[1])
  125   2              {
  126   3                  Dn = -2;
  127   3                  DF[0] = (DFF[1] - EC) / (DFF[1] - DFF[0]);
  128   3              }
  129   2              else if (EC <= DFF[2])
  130   2              {
  131   3                  Dn = -1;
  132   3                  DF[0] = (DFF[2] - EC) / (DFF[2] - DFF[1]);
  133   3              }
  134   2              else if (EC <= DFF[3])
  135   2              {
  136   3                  Dn = 0;
  137   3                  DF[0] = (DFF[3] - EC) / (DFF[3] - DFF[2]);
  138   3              }
  139   2              else if (EC <= DFF[4])
  140   2              {
  141   3                  Dn = 1;
  142   3                  DF[0] = (DFF[4] - EC) / (DFF[4] - DFF[3]);
  143   3              }
  144   2              else if (EC <= DFF[5])
  145   2              {
  146   3                  Dn = 2;
  147   3                  DF[0] = (DFF[5] - EC) / (DFF[5] - DFF[4]);
  148   3              }
  149   2              else if (EC <= DFF[6])
  150   2              {
  151   3                  Dn = 3;
  152   3                  DF[0] = (DFF[6] - EC) / (DFF[6] - DFF[5]);
  153   3              }
  154   2          }
  155   1          //不在给定的区间内
  156   1          else if (EC <= DFF[0])
  157   1          {
  158   2              Dn = -2;
  159   2              DF[0] = 1;
  160   2          }
  161   1          else if (EC >= DFF[6])
  162   1          {
  163   2              Dn = 3;
  164   2              DF[0] = 0;
  165   2          }
  166   1      
  167   1          DF[1] = 1 - DF[0];
  168   1      
  169   1          /*使用误差范围优化后的规则表rule[7][7]*/
  170   1          /*输出值使用13个隶属函数,中心值由UFF[7]指定*/
  171   1          /*一般都是四个规则有效*/
  172   1          Un[0] = rule[Pn + 2][Dn + 2];
  173   1          Un[1] = rule[Pn + 3][Dn + 2];
  174   1          Un[2] = rule[Pn + 2][Dn + 3];
  175   1          Un[3] = rule[Pn + 3][Dn + 3];
  176   1      
  177   1          if (PF[0] <= DF[0]) //求小
  178   1              UF[0] = PF[0];
  179   1          else
  180   1              UF[0] = DF[0];
  181   1          if (PF[1] <= DF[0])
  182   1              UF[1] = PF[1];
  183   1          else
  184   1              UF[1] = DF[0];
  185   1          if (PF[0] <= DF[1])
  186   1              UF[2] = PF[0];
  187   1          else
  188   1              UF[2] = DF[1];
  189   1          if (PF[1] <= DF[1])
C251 COMPILER V5.60.0,  servomotor                                                         27/03/26  11:12:46  PAGE 4   

  190   1              UF[3] = PF[1];
  191   1          else
  192   1              UF[3] = DF[1];
  193   1          /*同隶属函数输出语言值求大*/
  194   1          if (Un[0] == Un[1])
  195   1          {
  196   2              if (UF[0] > UF[1])
  197   2                  UF[1] = 0;
  198   2              else
  199   2                  UF[0] = 0;
  200   2          }
  201   1          if (Un[0] == Un[2])
  202   1          {
  203   2              if (UF[0] > UF[2])
  204   2                  UF[2] = 0;
  205   2              else
  206   2                  UF[0] = 0;
  207   2          }
  208   1          if (Un[0] == Un[3])
  209   1          {
  210   2              if (UF[0] > UF[3])
  211   2                  UF[3] = 0;
  212   2              else
  213   2                  UF[0] = 0;
  214   2          }
  215   1          if (Un[1] == Un[2])
  216   1          {
  217   2              if (UF[1] > UF[2])
  218   2                  UF[2] = 0;
  219   2              else
  220   2                  UF[1] = 0;
  221   2          }
  222   1          if (Un[1] == Un[3])
  223   1          {
  224   2              if (UF[1] > UF[3])
  225   2                  UF[3] = 0;
  226   2              else
  227   2                  UF[1] = 0;
  228   2          }
  229   1          if (Un[2] == Un[3])
  230   1          {
  231   2              if (UF[2] > UF[3])
  232   2                  UF[3] = 0;
  233   2              else
  234   2                  UF[2] = 0;
  235   2          }
  236   1          t1 = UF[0] * UFF[Un[0]];
  237   1          t2 = UF[1] * UFF[Un[1]];
  238   1          t3 = UF[2] * UFF[Un[2]];
  239   1          t4 = UF[3] * UFF[Un[3]];
  240   1          temp1 = t1 + t2 + t3 + t4;
  241   1          temp2 = UF[0] + UF[1] + UF[2] + UF[3]; //模糊量输出
  242   1          U = temp1 / temp2;
  243   1          return U;
  244   1      }
  245          float Fuzzy_D(float E, float EC)
  246          {
  247   1          /*输入量P语言值特征点*/
  248   1          float EFF[7] = {-56, -20, -10, 0, 10, 25, 56};
  249   1          /*输入量D语言值特征点*/
  250   1          float DFF[7] = {-2.5, -1.5, -0.5, 0, 0.5, 1.5, 2};
  251   1          /*输出量U语言值特征点(根据赛道类型选择不同的输出值)*/
  252   1          float UFF[7] = {2.3, 4.2, 8.2, 7, 6, 5, 4};
  253   1          // float UFF[7] = {0.6, 0.9, 1.2, 8, 7, 6, 5};
  254   1      
  255   1          int rule[7][7] = {
C251 COMPILER V5.60.0,  servomotor                                                         27/03/26  11:12:46  PAGE 5   

  256   1              {0, 1, 2, 3, 4, 5, 6},
  257   1              {1, 2, 3, 4, 5, 6, 5},
  258   1              {2, 3, 4, 5, 6, 5, 4},
  259   1              {3, 4, 5, 6, 5, 4, 3},
  260   1              {4, 5, 6, 5, 4, 3, 2},
  261   1              {5, 6, 5, 4, 3, 2, 1},
  262   1              {6, 5, 4, 3, 2, 1, 0},
  263   1          };
  264   1      
  265   1          float U = 0; /*偏差,偏差微分以及输出值的精确量*/
  266   1          float PF[2] = {0}, DF[2] = {0}, UF[4] = {0};
  267   1          /*偏差,偏差微分以及输出值的隶属度*/
  268   1          int Pn = 0, Dn = 0, Un[4] = {0};
  269   1          float t1 = 0, t2 = 0, t3 = 0, t4 = 0, temp1 = 0, temp2 = 0;
  270   1          /*隶属度的确定*/
  271   1          /*根据PD的指定语言值获得有效隶属度*/
  272   1          if (E > EFF[0] && E < EFF[6])
  273   1          {
  274   2              if (E <= EFF[1])
  275   2              {
  276   3                  Pn = -2;
  277   3                  PF[0] = (EFF[1] - E) / (EFF[1] - EFF[0]);
  278   3              }
  279   2              else if (E <= EFF[2])
  280   2              {
  281   3                  Pn = -1;
  282   3                  PF[0] = (EFF[2] - E) / (EFF[2] - EFF[1]);
  283   3              }
  284   2              else if (E <= EFF[3])
  285   2              {
  286   3                  Pn = 0;
  287   3                  PF[0] = (EFF[3] - E) / (EFF[3] - EFF[2]);
  288   3              }
  289   2              else if (E <= EFF[4])
  290   2              {
  291   3                  Pn = 1;
  292   3                  PF[0] = (EFF[4] - E) / (EFF[4] - EFF[3]);
  293   3              }
  294   2              else if (E <= EFF[5])
  295   2              {
  296   3                  Pn = 2;
  297   3                  PF[0] = (EFF[5] - E) / (EFF[5] - EFF[4]);
  298   3              }
  299   2              else if (E <= EFF[6])
  300   2              {
  301   3                  Pn = 3;
  302   3                  PF[0] = (EFF[6] - E) / (EFF[6] - EFF[5]);
  303   3              }
  304   2          }
  305   1      
  306   1          else if (E <= EFF[0])
  307   1          {
  308   2              Pn = -2;
  309   2              PF[0] = 1;
  310   2          }
  311   1          else if (E >= EFF[6])
  312   1          {
  313   2              Pn = 3;
  314   2              PF[0] = 0;
  315   2          }
  316   1      
  317   1          PF[1] = 1 - PF[0];
  318   1      
  319   1          //判断D的隶属度
  320   1          if (EC > DFF[0] && EC < DFF[6])
  321   1          {
C251 COMPILER V5.60.0,  servomotor                                                         27/03/26  11:12:46  PAGE 6   

  322   2              if (EC <= DFF[1])
  323   2              {
  324   3                  Dn = -2;
  325   3                  DF[0] = (DFF[1] - EC) / (DFF[1] - DFF[0]);
  326   3              }
  327   2              else if (EC <= DFF[2])
  328   2              {
  329   3                  Dn = -1;
  330   3                  DF[0] = (DFF[2] - EC) / (DFF[2] - DFF[1]);
  331   3              }
  332   2              else if (EC <= DFF[3])
  333   2              {
  334   3                  Dn = 0;
  335   3                  DF[0] = (DFF[3] - EC) / (DFF[3] - DFF[2]);
  336   3              }
  337   2              else if (EC <= DFF[4])
  338   2              {
  339   3                  Dn = 1;
  340   3                  DF[0] = (DFF[4] - EC) / (DFF[4] - DFF[3]);
  341   3              }
  342   2              else if (EC <= DFF[5])
  343   2              {
  344   3                  Dn = 2;
  345   3                  DF[0] = (DFF[5] - EC) / (DFF[5] - DFF[4]);
  346   3              }
  347   2              else if (EC <= DFF[6])
  348   2              {
  349   3                  Dn = 3;
  350   3                  DF[0] = (DFF[6] - EC) / (DFF[6] - DFF[5]);
  351   3              }
  352   2          }
  353   1          //不在给定的区间内
  354   1          else if (EC <= DFF[0])
  355   1          {
  356   2              Dn = -2;
  357   2              DF[0] = 1;
  358   2          }
  359   1          else if (EC >= DFF[6])
  360   1          {
  361   2              Dn = 3;
  362   2              DF[0] = 0;
  363   2          }
  364   1      
  365   1          DF[1] = 1 - DF[0];
  366   1      
  367   1          /*使用误差范围优化后的规则表rule[7][7]*/
  368   1          /*输出值使用13个隶属函数,中心值由UFF[7]指定*/
  369   1          /*一般都是四个规则有效*/
  370   1          Un[0] = rule[Pn + 2][Dn + 2];
  371   1          Un[1] = rule[Pn + 3][Dn + 2];
  372   1          Un[2] = rule[Pn + 2][Dn + 3];
  373   1          Un[3] = rule[Pn + 3][Dn + 3];
  374   1      
  375   1          if (PF[0] <= DF[0]) //求小
  376   1              UF[0] = PF[0];
  377   1          else
  378   1              UF[0] = DF[0];
  379   1          if (PF[1] <= DF[0])
  380   1              UF[1] = PF[1];
  381   1          else
  382   1              UF[1] = DF[0];
  383   1          if (PF[0] <= DF[1])
  384   1              UF[2] = PF[0];
  385   1          else
  386   1              UF[2] = DF[1];
  387   1          if (PF[1] <= DF[1])
C251 COMPILER V5.60.0,  servomotor                                                         27/03/26  11:12:46  PAGE 7   

  388   1              UF[3] = PF[1];
  389   1          else
  390   1              UF[3] = DF[1];
  391   1          /*同隶属函数输出语言值求大*/
  392   1          if (Un[0] == Un[1])
  393   1          {
  394   2              if (UF[0] > UF[1])
  395   2                  UF[1] = 0;
  396   2              else
  397   2                  UF[0] = 0;
  398   2          }
  399   1          if (Un[0] == Un[2])
  400   1          {
  401   2              if (UF[0] > UF[2])
  402   2                  UF[2] = 0;
  403   2              else
  404   2                  UF[0] = 0;
  405   2          }
  406   1          if (Un[0] == Un[3])
  407   1          {
  408   2              if (UF[0] > UF[3])
  409   2                  UF[3] = 0;
  410   2              else
  411   2                  UF[0] = 0;
  412   2          }
  413   1          if (Un[1] == Un[2])
  414   1          {
  415   2              if (UF[1] > UF[2])
  416   2                  UF[2] = 0;
  417   2              else
  418   2                  UF[1] = 0;
  419   2          }
  420   1          if (Un[1] == Un[3])
  421   1          {
  422   2              if (UF[1] > UF[3])
  423   2                  UF[3] = 0;
  424   2              else
  425   2                  UF[1] = 0;
  426   2          }
  427   1          if (Un[2] == Un[3])
  428   1          {
  429   2              if (UF[2] > UF[3])
  430   2                  UF[3] = 0;
  431   2              else
  432   2                  UF[2] = 0;
  433   2          }
  434   1          t1 = UF[0] * UFF[Un[0]];
  435   1          t2 = UF[1] * UFF[Un[1]];
  436   1          t3 = UF[2] * UFF[Un[2]];
  437   1          t4 = UF[3] * UFF[Un[3]];
  438   1          temp1 = t1 + t2 + t3 + t4;
  439   1          temp2 = UF[0] + UF[1] + UF[2] + UF[3]; //模糊量输出
  440   1          U = temp1 / temp2;
  441   1          return U;
  442   1      }


Module Information          Static   Overlayable
------------------------------------------------
  code size            =      2891     ------
  ecode size           =    ------     ------
  data size            =    ------     ------
  idata size           =    ------     ------
  pdata size           =    ------     ------
  xdata size           =    ------     ------
  xdata-const size     =    ------     ------
  edata size           =        42        444
C251 COMPILER V5.60.0,  servomotor                                                         27/03/26  11:12:46  PAGE 8   

  bit size             =    ------     ------
  ebit size            =    ------     ------
  bitaddressable size  =    ------     ------
  ebitaddressable size =    ------     ------
  far data size        =    ------     ------
  huge data size       =    ------     ------
  const size           =    ------     ------
  hconst size          =       444     ------
End of Module Information.


C251 COMPILATION COMPLETE.  0 WARNING(S),  0 ERROR(S)
