C251 COMPILER V5.60.0,  ui                                                                 27/03/26  11:12:46  PAGE 1   


C251 COMPILER V5.60.0, COMPILATION OF MODULE ui
OBJECT MODULE PLACED IN .\Out_File\ui.obj
COMPILER INVOKED BY: D:\Keil_v5\C251\BIN\C251.EXE ui.c XSMALL INTR2 UNSIGNED_CHAR FLOAT64 OPTIMIZE(5,SPEED) BROWSE ORDER
                    - INCDIR(..\..\Libraries\libraries;..\..\Libraries\seekfree_libraries;..\..\Libraries\seekfree_peripheral;..\CODE;..\USER
                    -\inc;..\USER\src) DEBUG PRINT(.\Out_File\ui.lst) OBJECT(.\Out_File\ui.obj) 

stmt  level    source

    1          #include "ui.h"
    2          
    3          #define Page0_Item_Max  (sizeof(Page0_Item)/sizeof(Page0_Item[0])-1)
    4          #define Page1_Item_Max  (sizeof(Page1_Item)/sizeof(Page1_Item[0])-1)
    5          #define Page2_Item_Max  (sizeof(Page2_Item)/sizeof(Page2_Item[0])-1)
    6          #define Page3_Item_Max  (sizeof(Page3_Item)/sizeof(Page3_Item[0])-1)
    7          #define Page4_Item_Max  (sizeof(Page4_Item)/sizeof(Page4_Item[0])-1)
    8          #define Page5_Item_Max  (sizeof(Page5_Item)/sizeof(Page5_Item[0])-1)
    9          #define Page6_Item_Max  (sizeof(Page6_Item)/sizeof(Page6_Item[0])-1)
   10          
   11          int8 Shut_flag = 0;
   12          uint16 Save_Addr;
   13          uint16 Read_Addr;
   14          int16 Page_Num, Item_Num;
   15          
   16          Item_Lib const Page0_Item[] =
   17          {
   18          
   19                  {"ad0",&ad0,Float,RO},
   20                  {"ad1",&ad1,Float,RO},
   21                          {"ad2", &ad2, Float, RO},
   22                  {"ad3",&ad3,Float,RO},
   23                  {"ad4",&ad4,Float,RO},
   24                          {"S_err",&s_error,Float,RO},
   25          
   26          };
   27          
   28          Item_Lib const Page1_Item[] =
   29          {
   30                          {"Huan_sp", &huan_speed, Int16_t, RW},
   31          //              {"kp", &motor_pid_l.kp, Float, RW},
   32          //              {"ki", &motor_pid_l.ki, Float, RW},
   33                          {"Str_sp", &speed_strait, Int16_t, RW},
   34                          {"Ben_sp", &speed_ben, Int16_t, RW},
   35          //              {"Zhang_sp", &zhangai_speed, Int16_t, RW},
   36                          {"Po_sp", &podao_speed, Int16_t, RW},
   37                          {"Diff", &diff, Float, RW},
   38                  {"gSp",&goalspeed,Int16_t,RO},
   39          };
   40          
   41          Item_Lib const Page2_Item[] =
   42          {
   43                  {"s_kp",&(smotor_pid.kp),Float,RW},
   44                  {"s_kd",&(smotor_pid.kd),Float,RW},
   45          //              {"kp_ben", &kp_ben, Float, RW},
   46          //              {"kd_ben", &kd_ben, Float, RW},
   47                          {"chu_kp", &chu_kp, Float, RW},
   48                          {"chu_kd", &chu_kd, Float, RW},
   49                          {"h_kp", &huan_kp, Float, RW},
   50                          {"h_kd", &huan_kd, Float, RW},
   51          //          {"Sdty",&Duty_result,Int16_t,RW},
   52          //              {"Cdty",&change_duty, Int16_t, RW},
   53                          
   54          };
   55          
   56          Item_Lib const Page3_Item[] = 
   57          {
C251 COMPILER V5.60.0,  ui                                                                 27/03/26  11:12:46  PAGE 2   

   58                          {"AD0", &RAW[0], Float, RO},
   59                          {"AD1", &RAW[1], Float, RO},
   60                          {"AD2", &RAW[2], Float, RO},
   61                          {"AD3", &RAW[3], Float, RO},
   62                          {"AD4", &RAW[4], Float, RO},
   63                          {"ruku_time", &ruku_time, Int16_t, RW},
   64          
   65          };
   66          
   67          Item_Lib const Page4_Item[] = 
   68          {
   69                  {"MAX0", &MAX[0], Float, RW},
   70                  {"MAX1", &MAX[1], Float, RW},
   71                  {"MAX2", &MAX[2], Float, RW},
   72                  {"MAX3", &MAX[3], Float, RW},
   73                  {"MAX4", &MAX[4], Float, RW},
   74          
   75          
   76          };
   77          
   78          Item_Lib const Page6_Item[] = 
   79          {
   80          //      {"r_gyro", &rhuandao_gyro, Int8_t, RW},
   81          //      {"l_gyro", &lhuandao_gyro, Int8_t, RW},
   82          //      {"Horizon", &horizon, Int16_t, RW},
   83                  {"err_heng", &error_heng, Float, RW},
   84                  {"err_xie", &error_xie, Float, RW},
   85          //      {"Lhuan", &lhuandao_flag, Int8_t, RW},
   86          //      {"Rhuan", &rhuandao_flag, Int8_t, RW},
   87          //      {"Zhang", &zhangai_flag, Int8_t, RW},
   88          //      {"Po", &podao_flag, Int8_t, RW},
   89          //      {"Zone", &zone_flag, Int8_t, RW},
   90          };
   91          
   92          Item_Lib const Page5_Item[] = 
   93          {
   94                  {"Point0", &Dlla_control[0], Int16_t, RW},
   95                  {"Point1", &Dlla_control[1], Int16_t, RW},
   96                  {"Point2", &Dlla_control[2], Int16_t, RW},
   97                  {"Point3", &Dlla_control[3], Int16_t, RW},
   98                  {"B", &b, Int16_t, RW},
   99                  {"Rank", &rank, Int8_t, RW},
  100          };
  101          
  102          Page_Lib const Page[] =
  103          {
  104              {"Track", (Item_LibPtr)Page0_Item, Page0_Item_Max},
  105                  {"AD_RAW", (Item_LibPtr)Page3_Item, Page3_Item_Max},
  106                  {"AD_MAX", (Item_LibPtr)Page4_Item, Page4_Item_Max},
  107              {"Flag" ,  (Item_LibPtr)Page6_Item, Page6_Item_Max},
  108                  {"Serve", (Item_LibPtr)Page2_Item, Page2_Item_Max},
  109                  {"Motor", (Item_LibPtr)Page1_Item, Page1_Item_Max},
  110                  {"Point", (Item_LibPtr)Page5_Item, Page5_Item_Max},
  111          };
  112          
  113          UI_CMD_e UI_CMD;
  114          Key_Type_e Key_Detected;
  115          Active_Type Active;
  116          
  117          int16 const Page_MAX = (sizeof(Page) / sizeof(Page[0]) - 1);
  118          
  119          //void Read_Data(void)
  120          //{     
  121          //      uint8 byte[4]={0};              //float转化为4个字节数据
  122          //      Read_Addr = 0x0000;
  123          //      for(Page_Num = 0; Page_Num <= Page_MAX; Page_Num++)
C251 COMPILER V5.60.0,  ui                                                                 27/03/26  11:12:46  PAGE 3   

  124          //      {
  125          //              for(Item_Num = 0; Item_Num <= Page[Page_Num].Item_Max; Item_Num++)
  126          //              {
  127          //                      if(Read_Addr > 0x0200)
  128          //                              return;
  129          //                      iap_read_bytes(Read_Addr, &DatRead[0], 1);
  130          //                      *(float*)(Page[1].ItemPtr)->DataPtr = *((float*)byte);
  131          //                      date = byte[0];
  132          //                      Read_Addr+=4;
  133          //              }
  134          //      }
  135          //}
  136                          
  137          void UI_Init(void)
  138          {
  139   1              key_init(); 
  140   1              lcd_init();
  141   1      //      iap_init();             //eeprom初始化
  142   1      //      Read_Data();
  143   1              Shut_flag = 0;
  144   1          Active.Accuracy = 1;        //调整精度初始为1
  145   1          Active.PageNum = 0;
  146   1          Active.ItemNum = 0;
  147   1          Active.PagePtr = (Page_LibPtr) Page + Active.PageNum;
  148   1          Active.ItemPtr = (Active.PagePtr->ItemPtr + Active.ItemNum);
  149   1          Key_Detected = Key_None;
  150   1          UI_CMD = UI_None;
  151   1      }
  152          
  153          //void Save_Date(void)
  154          //{
  155          //      uint8 byte[4]={0};              //float转化为4个字节数据
  156          //      Save_Addr = 0x0000;
  157          //      iap_erase_page(0x0200);
  158          //      for(Page_Num = 0;Page_Num <= Page_MAX;Page_Num++)
  159          //      {
  160          //              for(Item_Num = 0;Item_Num <= Page[Page_Num].Item_Max;Item_Num++)
  161          //              {
  162          //                      if(Save_Addr > 0x0200)
  163          //                              {return;}
  164          //                      Float_to_Byte(*(float*)(Page[2].ItemPtr)->DataPtr, byte);
  165          //                      extern_iap_write_bytes(Save_Addr, (uint8*)(Page[2].ItemPtr)->DataPtr, 1);
  166          //                      iap_write_bytes(Save_Addr,(uint8*)(Page[Page_Num].ItemPtr+Item_Num)->DataPtr,4);
  167          //                      Save_Addr+=4;
  168          //              }
  169          //      }
  170          //      lcd_clear(BLACK);
  171          //}
  172          
  173          //void Save_Date(void)
  174          //{
  175          //      uint8 byte[4]={0};              //float转化为4个字节数据
  176          //      Save_Addr = 0x0000;
  177          //      int8 i;
  178          //      iap_erase_page(0x0200);
  179          //      for(i = 0; i <= 60; i++)
  180          //      {
  181          //              flashBuffer[i] = 
  182          //      }
  183          //      lcd_clear(BLACK);
  184          //}
  185          
  186          void Page_Plus(void)        //下一页
  187          {
  188   1      
  189   1          Active.PageNum++;
C251 COMPILER V5.60.0,  ui                                                                 27/03/26  11:12:46  PAGE 4   

  190   1          if (Active.PageNum > Page_MAX)
  191   1              Active.PageNum = 0;
  192   1          Active.PagePtr = (Page_LibPtr) Page + Active.PageNum;
  193   1          Active.ItemNum = 0;
  194   1          Active.ItemPtr = Active.PagePtr->ItemPtr + Active.ItemNum;
  195   1      }
  196          
  197          void Page_Minus(void)       //上一页
  198          {
  199   1          Active.PageNum--;
  200   1          if (Active.PageNum < 0)
  201   1              Active.PageNum = Page_MAX;
  202   1          Active.PagePtr = (Page_LibPtr) Page + Active.PageNum;
  203   1          Active.ItemNum = 0;
  204   1          Active.ItemPtr = Active.PagePtr->ItemPtr + Active.ItemNum;
  205   1      }
  206          
  207          void Item_Plus(void)        //下一项
  208          {
  209   1          Active.ItemNum++;
  210   1          if (Active.ItemNum > Active.PagePtr->Item_Max)
  211   1              Active.ItemNum = 0;
  212   1          Active.ItemPtr = Active.PagePtr->ItemPtr + Active.ItemNum;
  213   1      }
  214          
  215          void Item_Minus(void)       //上一项
  216          {
  217   1          Active.ItemNum--;
  218   1          if (Active.ItemNum < 0)
  219   1              Active.ItemNum = Active.PagePtr->Item_Max;
  220   1          Active.ItemPtr = Active.PagePtr->ItemPtr + Active.ItemNum;
  221   1      }
  222          
  223          void Accuracy_Plus(void)    //调整精度x10
  224          {
  225   1      
  226   1          Active.Accuracy *= 10;
  227   1          if (Active.Accuracy > 1000)
  228   1              Active.Accuracy = 0.01;
  229   1      }
  230          
  231          void Accuracy_Minus(void)   //调整精度/10
  232          {
  233   1      
  234   1          Active.Accuracy /= 10;
  235   1          if (Active.Accuracy < 0.001)
  236   1              Active.Accuracy = 1000;
  237   1      }
  238          
  239          
  240          
  241          void Data_Plus(void)
  242          {
  243   1      
  244   1          switch (Active.ItemPtr->Data_Attribute.Type) {          //判断当前项对应数据类型
  245   2          case Double:
  246   2              //当前项对应数据(指针对应)+精度*1
  247   2              *(double*) Active.ItemPtr->DataPtr += (double) Active.Accuracy;
  248   2              break;
  249   2          case Float:
  250   2              *(float*) Active.ItemPtr->DataPtr += (float) Active.Accuracy;
  251   2              break;
  252   2          case Int32_t:
  253   2              *(int32*) Active.ItemPtr->DataPtr += (int32) Active.Accuracy;
  254   2              break;
  255   2          case Uint32_t:
C251 COMPILER V5.60.0,  ui                                                                 27/03/26  11:12:46  PAGE 5   

  256   2              *(uint32*) Active.ItemPtr->DataPtr += (uint32) Active.Accuracy;
  257   2              break;
  258   2          case Int16_t:
  259   2              *(int16*) Active.ItemPtr->DataPtr += (int16) Active.Accuracy;
  260   2              break;
  261   2          case Uint16_t:
  262   2              *(uint16*) Active.ItemPtr->DataPtr += (uint16) Active.Accuracy;
  263   2              break;
  264   2          case Int8_t:
  265   2              *(int8*) Active.ItemPtr->DataPtr += (int8) Active.Accuracy;
  266   2              break;
  267   2          case Uint8_t:
  268   2              *(uint8*) Active.ItemPtr->DataPtr += (uint8) Active.Accuracy;
  269   2              break;
  270   2          default:
  271   2              break;
  272   2          }
  273   1      }
  274          
  275          void Data_Minus(void)
  276          {
  277   1      
  278   1          switch (Active.ItemPtr->Data_Attribute.Type) {
  279   2          case Double:
  280   2              *(double*) Active.ItemPtr->DataPtr -= (double) Active.Accuracy;
  281   2              break;
  282   2          case Float:
  283   2              *(float*) Active.ItemPtr->DataPtr -= (float) Active.Accuracy;
  284   2              break;
  285   2          case Int32_t:
  286   2              *(int32*) Active.ItemPtr->DataPtr -= (int32) Active.Accuracy;
  287   2              break;
  288   2          case Uint32_t:
  289   2              *(uint32*) Active.ItemPtr->DataPtr -= (uint32) Active.Accuracy;
  290   2              break;
  291   2          case Int16_t:
  292   2              *(int16*) Active.ItemPtr->DataPtr -= (int16) Active.Accuracy;
  293   2              break;
  294   2          case Uint16_t:
  295   2              *(uint16*) Active.ItemPtr->DataPtr -= (uint16) Active.Accuracy;
  296   2              break;
  297   2          case Int8_t:
  298   2              *(int8*) Active.ItemPtr->DataPtr -= (int8) Active.Accuracy;
  299   2              break;
  300   2          case Uint8_t:
  301   2              *(uint8*) Active.ItemPtr->DataPtr -= (uint8) Active.Accuracy;
  302   2              break;
  303   2          default:
  304   2              break;
  305   2          }
  306   1      }
  307          
  308          //按键发车
  309          void start_motor(void)
  310          {
  311   1              Shut_flag = 1;
  312   1              start_flag = 1;
  313   1      }
  314          
  315          
  316          void UI_ShowData(uint8 y,Item_LibPtr ItemPtr)
  317          {
  318   1          lcd_showstr(10,y,ItemPtr->Name);    //显示项目名
  319   1          switch (ItemPtr->Data_Attribute.Type) {     //根据项目对应数据类型显示数据
  320   2          case Float:
  321   2              lcd_showfloat(70, y, (float) *(float*) ItemPtr->DataPtr,5,2);
C251 COMPILER V5.60.0,  ui                                                                 27/03/26  11:12:46  PAGE 6   

  322   2              break;
  323   2          case Int32_t:
  324   2              lcd_showint32(80, y, (int32) *(int32*) ItemPtr->DataPtr,5);
  325   2              break;
  326   2          case Uint32_t:
  327   2              lcd_showint32(80, y, (int32) *(int32*) ItemPtr->DataPtr,5);
  328   2              break;
  329   2          case Int16_t:
  330   2              lcd_showint16(80, y, (int32) *(int16*) ItemPtr->DataPtr);
  331   2              break;
  332   2          case Uint16_t:
  333   2              lcd_showuint16(80, y, (int32) *(uint16*) ItemPtr->DataPtr);
  334   2              break;
  335   2          case Int8_t:
  336   2              lcd_showint8(80, y, (int32) *(int8*) ItemPtr->DataPtr);
  337   2              break;
  338   2          }
  339   1      }
  340          
  341          void UI_GetCmd(void)
  342          {
  343   1          static Key_Type_e Key_Pressed_New = Key_None;
  344   1          static Key_Type_e Key_Pressed_Old = Key_None;
  345   1      
  346   1          Key_Pressed_New = key_scan();        //通过按键扫描获取当前按键状态
  347   1      
  348   1          if (Key_Pressed_New == Key_Pressed_Old)
  349   1          {
  350   2              UI_CMD = UI_None;
  351   2          }
  352   1          else
  353   1          {
  354   2              UI_CMD = (UI_CMD_e) Key_Pressed_New;
  355   2              Key_Pressed_Old = Key_Pressed_New;
  356   2          }
  357   1      }
  358          
  359          void UI_Process(void)
  360          {
  361   1      
  362   1          switch (UI_CMD) {
  363   2          case UI_Value_Plus:
  364   2              Data_Plus();
  365   2      //      Save_Data();
  366   2              break;
  367   2          case UI_Value_Minus:
  368   2              Data_Minus();
  369   2      //      Save_Data();
  370   2              break;
  371   2          case UI_Page_Plus:
  372   2              Page_Plus();
  373   2              break;
  374   2          case UI_Page_Minus:
  375   2              Page_Minus();
  376   2              break;
  377   2          case UI_Item_Plus:
  378   2              Item_Plus();
  379   2              break;
  380   2          case UI_Item_Minus:
  381   2              Item_Minus();
  382   2              break;
  383   2          case UI_Accuracy_Plus:
  384   2              Accuracy_Plus();
  385   2              break;
  386   2          case UI_Accuracy_Minus:
  387   2              Accuracy_Minus();
C251 COMPILER V5.60.0,  ui                                                                 27/03/26  11:12:46  PAGE 7   

  388   2              break;
  389   2              case UI_Save:
  390   2      //              Save_Date();
  391   2                      break;
  392   2          case UI_Start:
  393   2              start_motor();
  394   2                      break;
  395   2          default:
  396   2              break;
  397   2          }
  398   1      }
  399          
  400          void UI_PutMsg(void)
  401          {
  402   1      
  403   1          if(UI_CMD != UI_None)
  404   1              lcd_clear(WHITE);                       //清屏
  405   1      
  406   1          lcd_showstr(0, 0, Active.PagePtr->Name);
  407   1          lcd_showfloat(60,0,Active.Accuracy,4,3);
  408   1          if (Active.ItemNum < 6)
  409   1              {
  410   2                      lcd_showstr(0, (Active.ItemNum + 1), ">");
  411   2              UI_ShowData( 1,Active.PagePtr->ItemPtr);
  412   2                      if (Active.PagePtr->Item_Max<1)
  413   2              {
  414   3                              return;
  415   3              }
  416   2              UI_ShowData( 2,Active.PagePtr->ItemPtr + 1);
  417   2              if (Active.PagePtr->Item_Max<2)
  418   2              {
  419   3                              return;
  420   3              }
  421   2              UI_ShowData(3,Active.PagePtr->ItemPtr + 2);
  422   2              if (Active.PagePtr->Item_Max<3)
  423   2              {
  424   3                  return;
  425   3              }
  426   2              UI_ShowData( 4,Active.PagePtr->ItemPtr + 3);
  427   2              if (Active.PagePtr->Item_Max<4)
  428   2              {
  429   3                  return;
  430   3              }
  431   2              UI_ShowData( 5,Active.PagePtr->ItemPtr + 4);
  432   2              if (Active.PagePtr->Item_Max<5)
  433   2              {
  434   3                  return;
  435   3              }
  436   2              UI_ShowData( 6,Active.PagePtr->ItemPtr + 5);
  437   2      
  438   2              }
  439   1          else
  440   1          {
  441   2              lcd_showstr(3,1, ">");
  442   2              UI_ShowData( 1,Active.ItemPtr - 5);
  443   2              UI_ShowData( 2,Active.ItemPtr - 4);
  444   2              UI_ShowData( 3,Active.ItemPtr - 3);
  445   2              UI_ShowData( 4,Active.ItemPtr - 2);
  446   2              UI_ShowData( 5,Active.ItemPtr - 1);
  447   2              UI_ShowData( 6,Active.ItemPtr);
  448   2          }
  449   1      }
  450          
  451          void UI_Main(void)
  452          {
  453   1                      UI_GetCmd();
C251 COMPILER V5.60.0,  ui                                                                 27/03/26  11:12:46  PAGE 8   

  454   1                      UI_Process();
  455   1                      UI_PutMsg();
  456   1      
  457   1      }


Module Information          Static   Overlayable
------------------------------------------------
  code size            =      1912     ------
  ecode size           =    ------     ------
  data size            =    ------     ------
  idata size           =    ------     ------
  pdata size           =    ------     ------
  xdata size           =    ------     ------
  xdata-const size     =    ------     ------
  edata size           =        33          1
  bit size             =    ------     ------
  ebit size            =    ------     ------
  bitaddressable size  =    ------     ------
  ebitaddressable size =    ------     ------
  far data size        =    ------     ------
  huge data size       =    ------     ------
  const size           =    ------     ------
  hconst size          =       782     ------
End of Module Information.


C251 COMPILATION COMPLETE.  0 WARNING(S),  0 ERROR(S)
