C251 COMPILER V5.60.0,  wireless                                                           27/03/26  11:12:47  PAGE 1   


C251 COMPILER V5.60.0, COMPILATION OF MODULE wireless
OBJECT MODULE PLACED IN .\Out_File\wireless.obj
COMPILER INVOKED BY: D:\Keil_v5\C251\BIN\C251.EXE wireless.c XSMALL INTR2 UNSIGNED_CHAR FLOAT64 OPTIMIZE(5,SPEED) BROWSE
                    - ORDER INCDIR(..\..\Libraries\libraries;..\..\Libraries\seekfree_libraries;..\..\Libraries\seekfree_peripheral;..\CODE;.
                    -.\USER\inc;..\USER\src) DEBUG PRINT(.\Out_File\wireless.lst) OBJECT(.\Out_File\wireless.obj) 

stmt  level    source

    1          #include "wireless.h"
    2          
    3          /*
    4          将浮点数f转化为4个字节数据存放在byte[4]中
    5          */
    6          uint8 DatRead[4];
    7          void Float_to_Byte(float f, uint8 byte[])
    8          {
    9   1          FloatLongType fl;
   10   1          fl.fdata=f;
   11   1          byte[0]=(unsigned char)fl.ldata;
   12   1          byte[1]=(unsigned char)(fl.ldata>>8);
   13   1          byte[2]=(unsigned char)(fl.ldata>>16);
   14   1          byte[3]=(unsigned char)(fl.ldata>>24);
   15   1      }
   16          
   17          void JustFloat(float a, float b)
   18          {
   19   1              
   20   1              uint8 byte[4]={0};              //float转化为4个字节数据
   21   1              uint8 tail[4]={0x00, 0x00, 0x80, 0x7f}; //帧尾
   22   1              
   23   1              //向上位机发送两个通道数据
   24   1              Float_to_Byte(a,byte);
   25   1              wireless_uart_send_buff(byte, 4);       //1转化为4字节数据 就是  0x00 0x00 0x80 0x3F
   26   1              
   27   1              Float_to_Byte(b,byte);
   28   1              wireless_uart_send_buff(byte, 4);       //2转换为4字节数据 就是  0x00 0x00 0x00 0x40 
   29   1              
   30   1              //发送帧尾
   31   1              wireless_uart_send_buff(tail,4);        //帧尾为 0x00 0x00 0x80 0x7f
   32   1      }
   33          
   34          void Write_Xram_Float(float write_data)
   35          {
   36   1              u_float f;
   37   1              f.fds = write_data;
   38   1      
   39   1              DatRead[0] = f.byt[3];
   40   1              DatRead[1] = f.byt[2];
   41   1              DatRead[2] = f.byt[1];
   42   1              DatRead[3] = f.byt[0];
   43   1      }
   44          
   45          float Read_RAM_Float(uint8 write_data[4])
   46          {
   47   1              u_float f;
   48   1              f.byt[3] = write_data[0];
   49   1              f.byt[2] = write_data[1];
   50   1              f.byt[1] = write_data[2];
   51   1              f.byt[0] = write_data[3];
   52   1              return (f.fds);
   53   1      }


Module Information          Static   Overlayable
------------------------------------------------
  code size            =       215     ------
C251 COMPILER V5.60.0,  wireless                                                           27/03/26  11:12:47  PAGE 2   

  ecode size           =    ------     ------
  data size            =    ------     ------
  idata size           =    ------     ------
  pdata size           =    ------     ------
  xdata size           =    ------     ------
  xdata-const size     =    ------     ------
  edata size           =         4         20
  bit size             =    ------     ------
  ebit size            =    ------     ------
  bitaddressable size  =    ------     ------
  ebitaddressable size =    ------     ------
  far data size        =    ------     ------
  huge data size       =    ------     ------
  const size           =    ------     ------
  hconst size          =         8     ------
End of Module Information.


C251 COMPILATION COMPLETE.  0 WARNING(S),  0 ERROR(S)
